
> frontend@0.0.0 build
> tsc -b && vite build

src/components/CanvasGrid.tsx(77,13): error TS2322: Type '(currentLayout: any[]) => void' is not assignable to type '(layout: Layout, layouts: Partial<Record<string, Layout>>) => void'.
  Types of parameters 'currentLayout' and 'layout' are incompatible.
    The type 'Layout' is 'readonly' and cannot be assigned to the mutable type 'any[]'.
